[Mon Nov 09 01:03:02.400397 2020] [php7:notice] [pid 23517] [client 10.81.136.86:57852] PHP Notice:  Undefined variable: page_title in /people/home/aasingh/public_html/header.php on line 17, referer: http://clabsql.clamv.jacobs-university.de/~aasingh/search/
[Mon Nov 09 01:03:02.400417 2020] [php7:notice] [pid 23517] [client 10.81.136.86:57852] PHP Notice:  Undefined variable: pgDesc in /people/home/aasingh/public_html/header.php on line 18, referer: http://clabsql.clamv.jacobs-university.de/~aasingh/search/
[Mon Nov 09 01:03:02.400424 2020] [php7:notice] [pid 23517] [client 10.81.136.86:57852] PHP Notice:  Undefined variable: keyWords in /people/home/aasingh/public_html/header.php on line 19, referer: http://clabsql.clamv.jacobs-university.de/~aasingh/search/
[Mon Nov 09 01:03:03.572727 2020] [php7:notice] [pid 23517] [client 10.81.136.86:57852] PHP Notice:  session_start(): A session had already been started - ignoring in /people/home/aasingh/public_html/header.php on line 2, referer: http://clabsql.clamv.jacobs-university.de/~aasingh/maintenance/
[Mon Nov 09 01:03:03.573194 2020] [php7:notice] [pid 23517] [client 10.81.136.86:57852] PHP Notice:  Undefined variable: page_title in /people/home/aasingh/public_html/header.php on line 17, referer: http://clabsql.clamv.jacobs-university.de/~aasingh/maintenance/
[Mon Nov 09 01:03:03.573204 2020] [php7:notice] [pid 23517] [client 10.81.136.86:57852] PHP Notice:  Undefined variable: pgDesc in /people/home/aasingh/public_html/header.php on line 18, referer: http://clabsql.clamv.jacobs-university.de/~aasingh/maintenance/
[Mon Nov 09 01:03:03.573210 2020] [php7:notice] [pid 23517] [client 10.81.136.86:57852] PHP Notice:  Undefined variable: keyWords in /people/home/aasingh/public_html/header.php on line 19, referer: http://clabsql.clamv.jacobs-university.de/~aasingh/maintenance/
[Mon Nov 09 01:03:03.580660 2020] [php7:notice] [pid 23517] [client 10.81.136.86:57852] PHP Notice:  Undefined variable: home in /people/home/aasingh/public_html/login/logout_msg.php on line 3, referer: http://clabsql.clamv.jacobs-university.de/~aasingh/maintenance/
[Mon Nov 09 01:03:03.580675 2020] [php7:notice] [pid 23517] [client 10.81.136.86:57852] PHP Notice:  Undefined variable: home in /people/home/aasingh/public_html/login/logout_msg.php on line 4, referer: http://clabsql.clamv.jacobs-university.de/~aasingh/maintenance/
[Mon Nov 09 01:03:06.982323 2020] [php7:notice] [pid 23517] [client 10.81.136.86:57852] PHP Notice:  Undefined variable: page_title in /people/home/aasingh/public_html/header.php on line 17, referer: http://clabsql.clamv.jacobs-university.de/~aasingh/index.php?logout=true
[Mon Nov 09 01:03:06.982380 2020] [php7:notice] [pid 23517] [client 10.81.136.86:57852] PHP Notice:  Undefined variable: pgDesc in /people/home/aasingh/public_html/header.php on line 18, referer: http://clabsql.clamv.jacobs-university.de/~aasingh/index.php?logout=true
[Mon Nov 09 01:03:06.982393 2020] [php7:notice] [pid 23517] [client 10.81.136.86:57852] PHP Notice:  Undefined variable: keyWords in /people/home/aasingh/public_html/header.php on line 19, referer: http://clabsql.clamv.jacobs-university.de/~aasingh/index.php?logout=true
[Mon Nov 09 01:03:08.524761 2020] [php7:notice] [pid 23517] [client 10.81.136.86:57852] PHP Notice:  Undefined variable: page_title in /people/home/aasingh/public_html/header.php on line 17, referer: http://clabsql.clamv.jacobs-university.de/~aasingh/login/login.php
[Mon Nov 09 01:03:08.524786 2020] [php7:notice] [pid 23517] [client 10.81.136.86:57852] PHP Notice:  Undefined variable: pgDesc in /people/home/aasingh/public_html/header.php on line 18, referer: http://clabsql.clamv.jacobs-university.de/~aasingh/login/login.php
[Mon Nov 09 01:03:08.524793 2020] [php7:notice] [pid 23517] [client 10.81.136.86:57852] PHP Notice:  Undefined variable: keyWords in /people/home/aasingh/public_html/header.php on line 19, referer: http://clabsql.clamv.jacobs-university.de/~aasingh/login/login.php
[Mon Nov 09 01:03:09.498708 2020] [php7:notice] [pid 23517] [client 10.81.136.86:57852] PHP Notice:  session_start(): A session had already been started - ignoring in /people/home/aasingh/public_html/header.php on line 2, referer: http://clabsql.clamv.jacobs-university.de/~aasingh/search/
[Mon Nov 09 01:03:09.498743 2020] [php7:notice] [pid 23517] [client 10.81.136.86:57852] PHP Notice:  Undefined variable: page_title in /people/home/aasingh/public_html/header.php on line 17, referer: http://clabsql.clamv.jacobs-university.de/~aasingh/search/
[Mon Nov 09 01:03:09.498751 2020] [php7:notice] [pid 23517] [client 10.81.136.86:57852] PHP Notice:  Undefined variable: pgDesc in /people/home/aasingh/public_html/header.php on line 18, referer: http://clabsql.clamv.jacobs-university.de/~aasingh/search/
[Mon Nov 09 01:03:09.498758 2020] [php7:notice] [pid 23517] [client 10.81.136.86:57852] PHP Notice:  Undefined variable: keyWords in /people/home/aasingh/public_html/header.php on line 19, referer: http://clabsql.clamv.jacobs-university.de/~aasingh/search/
[Mon Nov 09 01:03:09.509658 2020] [php7:notice] [pid 23517] [client 10.81.136.86:57852] PHP Notice:  Undefined variable: page_title in /people/home/aasingh/public_html/header.php on line 17, referer: http://clabsql.clamv.jacobs-university.de/~aasingh/search/
[Mon Nov 09 01:03:09.509672 2020] [php7:notice] [pid 23517] [client 10.81.136.86:57852] PHP Notice:  Undefined variable: pgDesc in /people/home/aasingh/public_html/header.php on line 18, referer: http://clabsql.clamv.jacobs-university.de/~aasingh/search/
[Mon Nov 09 01:03:09.509680 2020] [php7:notice] [pid 23517] [client 10.81.136.86:57852] PHP Notice:  Undefined variable: keyWords in /people/home/aasingh/public_html/header.php on line 19, referer: http://clabsql.clamv.jacobs-university.de/~aasingh/search/
[Mon Nov 09 01:03:10.784637 2020] [php7:notice] [pid 23517] [client 10.81.136.86:57852] PHP Notice:  Undefined variable: page_title in /people/home/aasingh/public_html/header.php on line 17, referer: http://clabsql.clamv.jacobs-university.de/~aasingh/login/login.php
[Mon Nov 09 01:03:10.784708 2020] [php7:notice] [pid 23517] [client 10.81.136.86:57852] PHP Notice:  Undefined variable: pgDesc in /people/home/aasingh/public_html/header.php on line 18, referer: http://clabsql.clamv.jacobs-university.de/~aasingh/login/login.php
[Mon Nov 09 01:03:10.784739 2020] [php7:notice] [pid 23517] [client 10.81.136.86:57852] PHP Notice:  Undefined variable: keyWords in /people/home/aasingh/public_html/header.php on line 19, referer: http://clabsql.clamv.jacobs-university.de/~aasingh/login/login.php
[Mon Nov 09 01:03:11.501305 2020] [php7:notice] [pid 23517] [client 10.81.136.86:57852] PHP Notice:  Undefined variable: page_title in /people/home/aasingh/public_html/header.php on line 17, referer: http://clabsql.clamv.jacobs-university.de/~aasingh/search/
[Mon Nov 09 01:03:11.501331 2020] [php7:notice] [pid 23517] [client 10.81.136.86:57852] PHP Notice:  Undefined variable: pgDesc in /people/home/aasingh/public_html/header.php on line 18, referer: http://clabsql.clamv.jacobs-university.de/~aasingh/search/
[Mon Nov 09 01:03:11.501338 2020] [php7:notice] [pid 23517] [client 10.81.136.86:57852] PHP Notice:  Undefined variable: keyWords in /people/home/aasingh/public_html/header.php on line 19, referer: http://clabsql.clamv.jacobs-university.de/~aasingh/search/
[Mon Nov 09 01:03:12.368504 2020] [php7:notice] [pid 23517] [client 10.81.136.86:57852] PHP Notice:  session_start(): A session had already been started - ignoring in /people/home/aasingh/public_html/header.php on line 2, referer: http://clabsql.clamv.jacobs-university.de/~aasingh/maintenance/
[Mon Nov 09 01:03:12.368535 2020] [php7:notice] [pid 23517] [client 10.81.136.86:57852] PHP Notice:  Undefined variable: page_title in /people/home/aasingh/public_html/header.php on line 17, referer: http://clabsql.clamv.jacobs-university.de/~aasingh/maintenance/
[Mon Nov 09 01:03:12.368543 2020] [php7:notice] [pid 23517] [client 10.81.136.86:57852] PHP Notice:  Undefined variable: pgDesc in /people/home/aasingh/public_html/header.php on line 18, referer: http://clabsql.clamv.jacobs-university.de/~aasingh/maintenance/
[Mon Nov 09 01:03:12.368550 2020] [php7:notice] [pid 23517] [client 10.81.136.86:57852] PHP Notice:  Undefined variable: keyWords in /people/home/aasingh/public_html/header.php on line 19, referer: http://clabsql.clamv.jacobs-university.de/~aasingh/maintenance/
[Mon Nov 09 01:03:12.378796 2020] [php7:notice] [pid 23517] [client 10.81.136.86:57852] PHP Notice:  Undefined variable: page_title in /people/home/aasingh/public_html/header.php on line 17, referer: http://clabsql.clamv.jacobs-university.de/~aasingh/maintenance/
[Mon Nov 09 01:03:12.378812 2020] [php7:notice] [pid 23517] [client 10.81.136.86:57852] PHP Notice:  Undefined variable: pgDesc in /people/home/aasingh/public_html/header.php on line 18, referer: http://clabsql.clamv.jacobs-university.de/~aasingh/maintenance/
[Mon Nov 09 01:03:12.378819 2020] [php7:notice] [pid 23517] [client 10.81.136.86:57852] PHP Notice:  Undefined variable: keyWords in /people/home/aasingh/public_html/header.php on line 19, referer: http://clabsql.clamv.jacobs-university.de/~aasingh/maintenance/
[Mon Nov 09 01:03:13.529380 2020] [php7:notice] [pid 23517] [client 10.81.136.86:57852] PHP Notice:  Undefined variable: page_title in /people/home/aasingh/public_html/header.php on line 17, referer: http://clabsql.clamv.jacobs-university.de/~aasingh/search/
[Mon Nov 09 01:03:13.529407 2020] [php7:notice] [pid 23517] [client 10.81.136.86:57852] PHP Notice:  Undefined variable: pgDesc in /people/home/aasingh/public_html/header.php on line 18, referer: http://clabsql.clamv.jacobs-university.de/~aasingh/search/
[Mon Nov 09 01:03:13.529414 2020] [php7:notice] [pid 23517] [client 10.81.136.86:57852] PHP Notice:  Undefined variable: keyWords in /people/home/aasingh/public_html/header.php on line 19, referer: http://clabsql.clamv.jacobs-university.de/~aasingh/search/
[Mon Nov 09 01:11:33.858935 2020] [php7:notice] [pid 30552] [client 10.81.162.192:60222] PHP Notice:  Undefined index: role in /people/home/cdu/public_html/Maintenance.php on line 6, referer: http://clabsql.clamv.jacobs-university.de/~cdu/
[Mon Nov 09 01:12:47.148118 2020] [php7:notice] [pid 23518] [client 10.222.129.153:57157] PHP Notice:  Undefined variable: page_title in /people/home/aasingh/public_html/header.php on line 17, referer: http://clabsql.clamv.jacobs-university.de/~aasingh/
[Mon Nov 09 01:12:47.148994 2020] [php7:notice] [pid 23518] [client 10.222.129.153:57157] PHP Notice:  Undefined variable: pgDesc in /people/home/aasingh/public_html/header.php on line 18, referer: http://clabsql.clamv.jacobs-university.de/~aasingh/
[Mon Nov 09 01:12:47.149005 2020] [php7:notice] [pid 23518] [client 10.222.129.153:57157] PHP Notice:  Undefined variable: keyWords in /people/home/aasingh/public_html/header.php on line 19, referer: http://clabsql.clamv.jacobs-university.de/~aasingh/
[Mon Nov 09 01:12:48.306534 2020] [php7:notice] [pid 23518] [client 10.222.129.153:57157] PHP Notice:  session_start(): A session had already been started - ignoring in /people/home/aasingh/public_html/header.php on line 2, referer: http://clabsql.clamv.jacobs-university.de/~aasingh/maintenance/
[Mon Nov 09 01:12:48.306565 2020] [php7:notice] [pid 23518] [client 10.222.129.153:57157] PHP Notice:  Undefined variable: page_title in /people/home/aasingh/public_html/header.php on line 17, referer: http://clabsql.clamv.jacobs-university.de/~aasingh/maintenance/
[Mon Nov 09 01:12:48.306573 2020] [php7:notice] [pid 23518] [client 10.222.129.153:57157] PHP Notice:  Undefined variable: pgDesc in /people/home/aasingh/public_html/header.php on line 18, referer: http://clabsql.clamv.jacobs-university.de/~aasingh/maintenance/
[Mon Nov 09 01:12:48.306580 2020] [php7:notice] [pid 23518] [client 10.222.129.153:57157] PHP Notice:  Undefined variable: keyWords in /people/home/aasingh/public_html/header.php on line 19, referer: http://clabsql.clamv.jacobs-university.de/~aasingh/maintenance/
[Mon Nov 09 01:12:48.414010 2020] [php7:notice] [pid 23518] [client 10.222.129.153:57157] PHP Notice:  Undefined variable: page_title in /people/home/aasingh/public_html/header.php on line 17, referer: http://clabsql.clamv.jacobs-university.de/~aasingh/maintenance/
[Mon Nov 09 01:12:48.414032 2020] [php7:notice] [pid 23518] [client 10.222.129.153:57157] PHP Notice:  Undefined variable: pgDesc in /people/home/aasingh/public_html/header.php on line 18, referer: http://clabsql.clamv.jacobs-university.de/~aasingh/maintenance/
[Mon Nov 09 01:12:48.414039 2020] [php7:notice] [pid 23518] [client 10.222.129.153:57157] PHP Notice:  Undefined variable: keyWords in /people/home/aasingh/public_html/header.php on line 19, referer: http://clabsql.clamv.jacobs-university.de/~aasingh/maintenance/
[Mon Nov 09 01:12:50.246186 2020] [php7:notice] [pid 23518] [client 10.222.129.153:57157] PHP Notice:  session_start(): A session had already been started - ignoring in /people/home/aasingh/public_html/header.php on line 2, referer: http://clabsql.clamv.jacobs-university.de/~aasingh/maintenance/
[Mon Nov 09 01:12:50.246215 2020] [php7:notice] [pid 23518] [client 10.222.129.153:57157] PHP Notice:  Undefined variable: page_title in /people/home/aasingh/public_html/header.php on line 17, referer: http://clabsql.clamv.jacobs-university.de/~aasingh/maintenance/
[Mon Nov 09 01:12:50.246223 2020] [php7:notice] [pid 23518] [client 10.222.129.153:57157] PHP Notice:  Undefined variable: pgDesc in /people/home/aasingh/public_html/header.php on line 18, referer: http://clabsql.clamv.jacobs-university.de/~aasingh/maintenance/
[Mon Nov 09 01:12:50.246230 2020] [php7:notice] [pid 23518] [client 10.222.129.153:57157] PHP Notice:  Undefined variable: keyWords in /people/home/aasingh/public_html/header.php on line 19, referer: http://clabsql.clamv.jacobs-university.de/~aasingh/maintenance/
[Mon Nov 09 01:12:50.355961 2020] [php7:notice] [pid 23518] [client 10.222.129.153:57157] PHP Notice:  Undefined variable: page_title in /people/home/aasingh/public_html/header.php on line 17, referer: http://clabsql.clamv.jacobs-university.de/~aasingh/maintenance/
[Mon Nov 09 01:12:50.355988 2020] [php7:notice] [pid 23518] [client 10.222.129.153:57157] PHP Notice:  Undefined variable: pgDesc in /people/home/aasingh/public_html/header.php on line 18, referer: http://clabsql.clamv.jacobs-university.de/~aasingh/maintenance/
[Mon Nov 09 01:12:50.356007 2020] [php7:notice] [pid 23518] [client 10.222.129.153:57157] PHP Notice:  Undefined variable: keyWords in /people/home/aasingh/public_html/header.php on line 19, referer: http://clabsql.clamv.jacobs-university.de/~aasingh/maintenance/
[Mon Nov 09 01:13:05.673880 2020] [php7:notice] [pid 21803] [client 10.222.129.153:57168] PHP Notice:  Undefined variable: page_title in /people/home/aasingh/public_html/header.php on line 17, referer: http://clabsql.clamv.jacobs-university.de/~aasingh/login/login.php
[Mon Nov 09 01:13:05.673911 2020] [php7:notice] [pid 21803] [client 10.222.129.153:57168] PHP Notice:  Undefined variable: pgDesc in /people/home/aasingh/public_html/header.php on line 18, referer: http://clabsql.clamv.jacobs-university.de/~aasingh/login/login.php
[Mon Nov 09 01:13:05.673919 2020] [php7:notice] [pid 21803] [client 10.222.129.153:57168] PHP Notice:  Undefined variable: keyWords in /people/home/aasingh/public_html/header.php on line 19, referer: http://clabsql.clamv.jacobs-university.de/~aasingh/login/login.php
[Mon Nov 09 01:13:07.846373 2020] [php7:notice] [pid 25548] [client 10.222.129.153:57169] PHP Notice:  Undefined variable: page_title in /people/home/aasingh/public_html/header.php on line 17, referer: http://clabsql.clamv.jacobs-university.de/~aasingh/login/login.php
[Mon Nov 09 01:13:07.846405 2020] [php7:notice] [pid 25548] [client 10.222.129.153:57169] PHP Notice:  Undefined variable: pgDesc in /people/home/aasingh/public_html/header.php on line 18, referer: http://clabsql.clamv.jacobs-university.de/~aasingh/login/login.php
[Mon Nov 09 01:13:07.846413 2020] [php7:notice] [pid 25548] [client 10.222.129.153:57169] PHP Notice:  Undefined variable: keyWords in /people/home/aasingh/public_html/header.php on line 19, referer: http://clabsql.clamv.jacobs-university.de/~aasingh/login/login.php
[Mon Nov 09 01:13:08.830227 2020] [php7:notice] [pid 25548] [client 10.222.129.153:57169] PHP Notice:  session_start(): A session had already been started - ignoring in /people/home/aasingh/public_html/header.php on line 2, referer: http://clabsql.clamv.jacobs-university.de/~aasingh/maintenance/
[Mon Nov 09 01:13:08.830259 2020] [php7:notice] [pid 25548] [client 10.222.129.153:57169] PHP Notice:  Undefined variable: page_title in /people/home/aasingh/public_html/header.php on line 17, referer: http://clabsql.clamv.jacobs-university.de/~aasingh/maintenance/
[Mon Nov 09 01:13:08.830267 2020] [php7:notice] [pid 25548] [client 10.222.129.153:57169] PHP Notice:  Undefined variable: pgDesc in /people/home/aasingh/public_html/header.php on line 18, referer: http://clabsql.clamv.jacobs-university.de/~aasingh/maintenance/
[Mon Nov 09 01:13:08.830274 2020] [php7:notice] [pid 25548] [client 10.222.129.153:57169] PHP Notice:  Undefined variable: keyWords in /people/home/aasingh/public_html/header.php on line 19, referer: http://clabsql.clamv.jacobs-university.de/~aasingh/maintenance/
[Mon Nov 09 01:13:08.980216 2020] [php7:notice] [pid 25548] [client 10.222.129.153:57169] PHP Notice:  Undefined variable: page_title in /people/home/aasingh/public_html/header.php on line 17, referer: http://clabsql.clamv.jacobs-university.de/~aasingh/maintenance/
[Mon Nov 09 01:13:08.980240 2020] [php7:notice] [pid 25548] [client 10.222.129.153:57169] PHP Notice:  Undefined variable: pgDesc in /people/home/aasingh/public_html/header.php on line 18, referer: http://clabsql.clamv.jacobs-university.de/~aasingh/maintenance/
[Mon Nov 09 01:13:08.980248 2020] [php7:notice] [pid 25548] [client 10.222.129.153:57169] PHP Notice:  Undefined variable: keyWords in /people/home/aasingh/public_html/header.php on line 19, referer: http://clabsql.clamv.jacobs-university.de/~aasingh/maintenance/
[Mon Nov 09 01:13:15.234049 2020] [php7:notice] [pid 21872] [client 10.222.129.153:57170] PHP Notice:  Undefined variable: page_title in /people/home/aasingh/public_html/header.php on line 17, referer: http://clabsql.clamv.jacobs-university.de/~aasingh/login/login.php
[Mon Nov 09 01:13:15.234091 2020] [php7:notice] [pid 21872] [client 10.222.129.153:57170] PHP Notice:  Undefined variable: pgDesc in /people/home/aasingh/public_html/header.php on line 18, referer: http://clabsql.clamv.jacobs-university.de/~aasingh/login/login.php
[Mon Nov 09 01:13:15.234116 2020] [php7:notice] [pid 21872] [client 10.222.129.153:57170] PHP Notice:  Undefined variable: keyWords in /people/home/aasingh/public_html/header.php on line 19, referer: http://clabsql.clamv.jacobs-university.de/~aasingh/login/login.php
[Mon Nov 09 01:13:18.495330 2020] [php7:notice] [pid 29170] [client 10.222.129.153:57171] PHP Notice:  Undefined variable: page_title in /people/home/aasingh/public_html/header.php on line 17, referer: http://clabsql.clamv.jacobs-university.de/~aasingh/login/s_login.php
[Mon Nov 09 01:13:18.495364 2020] [php7:notice] [pid 29170] [client 10.222.129.153:57171] PHP Notice:  Undefined variable: pgDesc in /people/home/aasingh/public_html/header.php on line 18, referer: http://clabsql.clamv.jacobs-university.de/~aasingh/login/s_login.php
[Mon Nov 09 01:13:18.495371 2020] [php7:notice] [pid 29170] [client 10.222.129.153:57171] PHP Notice:  Undefined variable: keyWords in /people/home/aasingh/public_html/header.php on line 19, referer: http://clabsql.clamv.jacobs-university.de/~aasingh/login/s_login.php
[Mon Nov 09 01:13:50.088495 2020] [php7:notice] [pid 2455] [client 10.222.129.153:57174] PHP Notice:  session_start(): A session had already been started - ignoring in /people/home/aasingh/public_html/header.php on line 2, referer: http://clabsql.clamv.jacobs-university.de/~aasingh/login/login.php
[Mon Nov 09 01:13:50.088533 2020] [php7:notice] [pid 2455] [client 10.222.129.153:57174] PHP Notice:  Undefined variable: page_title in /people/home/aasingh/public_html/header.php on line 17, referer: http://clabsql.clamv.jacobs-university.de/~aasingh/login/login.php
[Mon Nov 09 01:13:50.088542 2020] [php7:notice] [pid 2455] [client 10.222.129.153:57174] PHP Notice:  Undefined variable: pgDesc in /people/home/aasingh/public_html/header.php on line 18, referer: http://clabsql.clamv.jacobs-university.de/~aasingh/login/login.php
[Mon Nov 09 01:13:50.088549 2020] [php7:notice] [pid 2455] [client 10.222.129.153:57174] PHP Notice:  Undefined variable: keyWords in /people/home/aasingh/public_html/header.php on line 19, referer: http://clabsql.clamv.jacobs-university.de/~aasingh/login/login.php
[Mon Nov 09 01:13:57.620812 2020] [php7:notice] [pid 23517] [client 10.222.129.153:57176] PHP Notice:  Undefined variable: page_title in /people/home/aasingh/public_html/header.php on line 17, referer: http://clabsql.clamv.jacobs-university.de/~aasingh/login/signup.php
[Mon Nov 09 01:13:57.620861 2020] [php7:notice] [pid 23517] [client 10.222.129.153:57176] PHP Notice:  Undefined variable: pgDesc in /people/home/aasingh/public_html/header.php on line 18, referer: http://clabsql.clamv.jacobs-university.de/~aasingh/login/signup.php
[Mon Nov 09 01:13:57.620870 2020] [php7:notice] [pid 23517] [client 10.222.129.153:57176] PHP Notice:  Undefined variable: keyWords in /people/home/aasingh/public_html/header.php on line 19, referer: http://clabsql.clamv.jacobs-university.de/~aasingh/login/signup.php
[Mon Nov 09 01:14:07.956818 2020] [php7:notice] [pid 29172] [client 10.222.129.153:57177] PHP Notice:  Undefined variable: page_title in /people/home/aasingh/public_html/header.php on line 17, referer: http://clabsql.clamv.jacobs-university.de/~aasingh/login/login.php
[Mon Nov 09 01:14:07.956847 2020] [php7:notice] [pid 29172] [client 10.222.129.153:57177] PHP Notice:  Undefined variable: pgDesc in /people/home/aasingh/public_html/header.php on line 18, referer: http://clabsql.clamv.jacobs-university.de/~aasingh/login/login.php
[Mon Nov 09 01:14:07.956854 2020] [php7:notice] [pid 29172] [client 10.222.129.153:57177] PHP Notice:  Undefined variable: keyWords in /people/home/aasingh/public_html/header.php on line 19, referer: http://clabsql.clamv.jacobs-university.de/~aasingh/login/login.php
[Mon Nov 09 01:14:13.242996 2020] [php7:notice] [pid 30552] [client 10.222.129.153:57178] PHP Notice:  Undefined variable: page_title in /people/home/aasingh/public_html/header.php on line 17, referer: http://clabsql.clamv.jacobs-university.de/~aasingh/index.php
[Mon Nov 09 01:14:13.243029 2020] [php7:notice] [pid 30552] [client 10.222.129.153:57178] PHP Notice:  Undefined variable: pgDesc in /people/home/aasingh/public_html/header.php on line 18, referer: http://clabsql.clamv.jacobs-university.de/~aasingh/index.php
[Mon Nov 09 01:14:13.243037 2020] [php7:notice] [pid 30552] [client 10.222.129.153:57178] PHP Notice:  Undefined variable: keyWords in /people/home/aasingh/public_html/header.php on line 19, referer: http://clabsql.clamv.jacobs-university.de/~aasingh/index.php
[Mon Nov 09 01:14:14.801129 2020] [php7:notice] [pid 23518] [client 10.222.129.153:57179] PHP Notice:  session_start(): A session had already been started - ignoring in /people/home/aasingh/public_html/header.php on line 2, referer: http://clabsql.clamv.jacobs-university.de/~aasingh/maintenance/
[Mon Nov 09 01:14:14.801188 2020] [php7:notice] [pid 23518] [client 10.222.129.153:57179] PHP Notice:  Undefined variable: page_title in /people/home/aasingh/public_html/header.php on line 17, referer: http://clabsql.clamv.jacobs-university.de/~aasingh/maintenance/
[Mon Nov 09 01:14:14.801198 2020] [php7:notice] [pid 23518] [client 10.222.129.153:57179] PHP Notice:  Undefined variable: pgDesc in /people/home/aasingh/public_html/header.php on line 18, referer: http://clabsql.clamv.jacobs-university.de/~aasingh/maintenance/
[Mon Nov 09 01:14:14.801205 2020] [php7:notice] [pid 23518] [client 10.222.129.153:57179] PHP Notice:  Undefined variable: keyWords in /people/home/aasingh/public_html/header.php on line 19, referer: http://clabsql.clamv.jacobs-university.de/~aasingh/maintenance/
[Mon Nov 09 01:14:17.878739 2020] [php7:notice] [pid 21804] [client 10.222.129.153:57180] PHP Notice:  session_start(): A session had already been started - ignoring in /people/home/aasingh/public_html/header.php on line 2, referer: http://clabsql.clamv.jacobs-university.de/~aasingh/maintenance/
[Mon Nov 09 01:14:17.878768 2020] [php7:notice] [pid 21804] [client 10.222.129.153:57180] PHP Notice:  Undefined variable: page_title in /people/home/aasingh/public_html/header.php on line 17, referer: http://clabsql.clamv.jacobs-university.de/~aasingh/maintenance/
[Mon Nov 09 01:14:17.878776 2020] [php7:notice] [pid 21804] [client 10.222.129.153:57180] PHP Notice:  Undefined variable: pgDesc in /people/home/aasingh/public_html/header.php on line 18, referer: http://clabsql.clamv.jacobs-university.de/~aasingh/maintenance/
[Mon Nov 09 01:14:17.878782 2020] [php7:notice] [pid 21804] [client 10.222.129.153:57180] PHP Notice:  Undefined variable: keyWords in /people/home/aasingh/public_html/header.php on line 19, referer: http://clabsql.clamv.jacobs-university.de/~aasingh/maintenance/
[Mon Nov 09 01:27:58.857503 2020] [php7:notice] [pid 2455] [client 10.81.162.192:60656] PHP Notice:  Undefined variable: AdminUser in /people/home/cdu/public_html/Maintenance.php on line 12, referer: http://clabsql.clamv.jacobs-university.de/~cdu/index_login.php
[Mon Nov 09 01:30:27.314424 2020] [php7:error] [pid 21804] [client 10.81.162.192:60716] PHP Fatal error:  Uncaught Error: Function name must be a string in /people/home/cdu/public_html/Maintenance.php:12\nStack trace:\n#0 {main}\n  thrown in /people/home/cdu/public_html/Maintenance.php on line 12, referer: http://clabsql.clamv.jacobs-university.de/~cdu/index_login.php
[Mon Nov 09 01:30:56.802911 2020] [php7:error] [pid 21803] [client 10.81.162.192:60729] PHP Fatal error:  Uncaught Error: Function name must be a string in /people/home/cdu/public_html/Maintenance.php:12\nStack trace:\n#0 {main}\n  thrown in /people/home/cdu/public_html/Maintenance.php on line 12, referer: http://clabsql.clamv.jacobs-university.de/~cdu/index_login.php
[Mon Nov 09 01:30:57.883156 2020] [php7:error] [pid 25548] [client 10.81.162.192:60730] PHP Fatal error:  Uncaught Error: Function name must be a string in /people/home/cdu/public_html/Maintenance.php:12\nStack trace:\n#0 {main}\n  thrown in /people/home/cdu/public_html/Maintenance.php on line 12, referer: http://clabsql.clamv.jacobs-university.de/~cdu/index_login.php
[Mon Nov 09 01:31:59.536986 2020] [php7:error] [pid 2455] [client 10.81.162.192:60755] PHP Fatal error:  Uncaught Error: Function name must be a string in /people/home/cdu/public_html/Maintenance.php:12\nStack trace:\n#0 {main}\n  thrown in /people/home/cdu/public_html/Maintenance.php on line 12, referer: http://clabsql.clamv.jacobs-university.de/~cdu/index_login.php
[Mon Nov 09 01:32:00.680282 2020] [php7:error] [pid 29172] [client 10.81.162.192:60756] PHP Fatal error:  Uncaught Error: Function name must be a string in /people/home/cdu/public_html/Maintenance.php:12\nStack trace:\n#0 {main}\n  thrown in /people/home/cdu/public_html/Maintenance.php on line 12, referer: http://clabsql.clamv.jacobs-university.de/~cdu/index_login.php
[Mon Nov 09 01:32:00.834603 2020] [php7:error] [pid 30552] [client 10.81.162.192:60758] PHP Fatal error:  Uncaught Error: Function name must be a string in /people/home/cdu/public_html/Maintenance.php:12\nStack trace:\n#0 {main}\n  thrown in /people/home/cdu/public_html/Maintenance.php on line 12, referer: http://clabsql.clamv.jacobs-university.de/~cdu/index_login.php
[Mon Nov 09 01:32:01.003534 2020] [php7:error] [pid 21804] [client 10.81.162.192:60759] PHP Fatal error:  Uncaught Error: Function name must be a string in /people/home/cdu/public_html/Maintenance.php:12\nStack trace:\n#0 {main}\n  thrown in /people/home/cdu/public_html/Maintenance.php on line 12, referer: http://clabsql.clamv.jacobs-university.de/~cdu/index_login.php
[Mon Nov 09 01:32:01.141927 2020] [php7:error] [pid 23518] [client 10.81.162.192:60760] PHP Fatal error:  Uncaught Error: Function name must be a string in /people/home/cdu/public_html/Maintenance.php:12\nStack trace:\n#0 {main}\n  thrown in /people/home/cdu/public_html/Maintenance.php on line 12, referer: http://clabsql.clamv.jacobs-university.de/~cdu/index_login.php
[Mon Nov 09 01:33:55.901449 2020] [php7:error] [pid 30552] [client 10.81.162.192:60803] PHP Fatal error:  Uncaught Error: Function name must be a string in /people/home/cdu/public_html/Maintenance.php:12\nStack trace:\n#0 {main}\n  thrown in /people/home/cdu/public_html/Maintenance.php on line 12, referer: http://clabsql.clamv.jacobs-university.de/~cdu/
[Mon Nov 09 01:34:52.590147 2020] [php7:error] [pid 21803] [client 10.81.162.192:60830] PHP Fatal error:  Uncaught Error: Function name must be a string in /people/home/cdu/public_html/Maintenance.php:12\nStack trace:\n#0 {main}\n  thrown in /people/home/cdu/public_html/Maintenance.php on line 12, referer: http://clabsql.clamv.jacobs-university.de/~cdu/
[Mon Nov 09 01:34:59.373975 2020] [php7:error] [pid 23517] [client 10.81.162.192:60834] PHP Fatal error:  Uncaught Error: Function name must be a string in /people/home/cdu/public_html/Maintenance.php:12\nStack trace:\n#0 {main}\n  thrown in /people/home/cdu/public_html/Maintenance.php on line 12, referer: http://clabsql.clamv.jacobs-university.de/~cdu/
[Mon Nov 09 01:35:25.104922 2020] [php7:error] [pid 29172] [client 10.81.162.192:60845] PHP Fatal error:  Uncaught Error: Function name must be a string in /people/home/cdu/public_html/Maintenance.php:12\nStack trace:\n#0 {main}\n  thrown in /people/home/cdu/public_html/Maintenance.php on line 12, referer: http://clabsql.clamv.jacobs-university.de/~cdu/
[Mon Nov 09 01:36:24.436219 2020] [php7:error] [pid 30552] [client 10.81.162.192:60877] PHP Fatal error:  Can't use function return value in write context in /people/home/cdu/public_html/Maintenance.php on line 6, referer: http://clabsql.clamv.jacobs-university.de/~cdu/
[Mon Nov 09 01:36:27.483956 2020] [php7:error] [pid 21804] [client 10.81.162.192:60878] PHP Fatal error:  Can't use function return value in write context in /people/home/cdu/public_html/Maintenance.php on line 6, referer: http://clabsql.clamv.jacobs-university.de/~cdu/
[Mon Nov 09 01:36:37.885492 2020] [php7:error] [pid 25548] [client 10.81.162.192:60887] PHP Fatal error:  Can't use function return value in write context in /people/home/cdu/public_html/Maintenance.php on line 6, referer: http://clabsql.clamv.jacobs-university.de/~cdu/
[Mon Nov 09 01:37:52.323532 2020] [php7:error] [pid 2455] [client 10.81.162.192:60915] PHP Fatal error:  Uncaught Error: Function name must be a string in /people/home/cdu/public_html/Maintenance.php:13\nStack trace:\n#0 {main}\n  thrown in /people/home/cdu/public_html/Maintenance.php on line 13, referer: http://clabsql.clamv.jacobs-university.de/~cdu/
[Mon Nov 09 01:45:16.189714 2020] [php7:warn] [pid 23518] [client 10.81.162.192:61086] PHP Warning:  Unknown: failed to open stream: Permission denied in Unknown on line 0, referer: http://clabsql.clamv.jacobs-university.de/~cdu/
[Mon Nov 09 01:45:16.189747 2020] [php7:error] [pid 23518] [client 10.81.162.192:61086] PHP Fatal error:  Unknown: Failed opening required '/people/home/cdu/public_html/usernoaccess.php' (include_path='.:/usr/share/php7:/usr/share/php7/PEAR') in Unknown on line 0, referer: http://clabsql.clamv.jacobs-university.de/~cdu/
[Mon Nov 09 02:00:52.518583 2020] [php7:notice] [pid 23517] [client 10.81.158.196:50993] PHP Notice:  Undefined index: user_data in /people/home/ralo/public_html/maintenance.php on line 5, referer: http://clabsql.clamv.jacobs-university.de/~ralo/home.php
[Mon Nov 09 02:00:56.568299 2020] [php7:notice] [pid 23517] [client 10.81.158.196:50993] PHP Notice:  Undefined index: user_data in /people/home/ralo/public_html/home.php on line 23, referer: http://clabsql.clamv.jacobs-university.de/~ralo/maintenance.php
[Mon Nov 09 02:00:56.568331 2020] [php7:notice] [pid 23517] [client 10.81.158.196:50993] PHP Notice:  Undefined index: user_data in /people/home/ralo/public_html/home.php on line 58, referer: http://clabsql.clamv.jacobs-university.de/~ralo/maintenance.php
[Mon Nov 09 02:05:31.264273 2020] [php7:notice] [pid 29172] [client 10.81.162.49:55633] PHP Notice:  session_start(): A session had already been started - ignoring in /people/home/ndinh/public_html/project/db_connect.php on line 2, referer: http://clabsql.clamv.jacobs-university.de/~ndinh/project/mantenance.html
[Mon Nov 09 02:05:34.120119 2020] [php7:notice] [pid 29172] [client 10.81.162.49:55633] PHP Notice:  session_start(): A session had already been started - ignoring in /people/home/ndinh/public_html/project/db_connect.php on line 2, referer: http://clabsql.clamv.jacobs-university.de/~ndinh/project/mantenance.html
[Mon Nov 09 07:12:26.283648 2020] [php7:notice] [pid 21804] [client 10.81.130.155:34416] PHP Notice:  session_start(): A session had already been started - ignoring in /people/home/skafle/public_html/searchpage/mainheader.php on line 2, referer: http://clabsql.clamv.jacobs-university.de/~skafle/searchpage/searchpage.php
[Mon Nov 09 07:12:28.652420 2020] [php7:notice] [pid 23518] [client 10.81.130.155:34418] PHP Notice:  session_start(): A session had already been started - ignoring in /people/home/skafle/public_html/searchpage/mainheader.php on line 2, referer: http://clabsql.clamv.jacobs-university.de/~skafle/searchpage/search.php
[Mon Nov 09 07:15:05.205276 2020] [php7:notice] [pid 25548] [client 10.81.130.155:34528] PHP Notice:  Undefined index: email in /people/home/aakarki/public_html/maintenance.php on line 9, referer: http://clabsql.clamv.jacobs-university.de/~aakarki/
[Mon Nov 09 07:15:54.876537 2020] [php7:notice] [pid 23352] [client 10.81.130.155:34596] PHP Notice:  Undefined index: email in /people/home/aakarki/public_html/maintenance.php on line 9, referer: http://clabsql.clamv.jacobs-university.de/~aakarki/index.html
[Mon Nov 09 07:44:09.562849 2020] [php7:notice] [pid 21804] [client 10.81.130.155:35358] PHP Notice:  Undefined variable: page_title in /people/home/igiri/public_html/header.php on line 13, referer: http://clabsql.clamv.jacobs-university.de/~igiri/
[Mon Nov 09 07:44:09.562884 2020] [php7:notice] [pid 21804] [client 10.81.130.155:35358] PHP Notice:  Undefined variable: pgDesc in /people/home/igiri/public_html/header.php on line 14, referer: http://clabsql.clamv.jacobs-university.de/~igiri/
[Mon Nov 09 07:44:09.562903 2020] [php7:notice] [pid 21804] [client 10.81.130.155:35358] PHP Notice:  Undefined variable: keyWords in /people/home/igiri/public_html/header.php on line 15, referer: http://clabsql.clamv.jacobs-university.de/~igiri/
[Mon Nov 09 07:44:11.028240 2020] [php7:notice] [pid 21804] [client 10.81.130.155:35358] PHP Notice:  Undefined variable: page_title in /people/home/igiri/public_html/header.php on line 13, referer: http://clabsql.clamv.jacobs-university.de/~igiri/maintenance/
[Mon Nov 09 07:44:11.028267 2020] [php7:notice] [pid 21804] [client 10.81.130.155:35358] PHP Notice:  Undefined variable: pgDesc in /people/home/igiri/public_html/header.php on line 14, referer: http://clabsql.clamv.jacobs-university.de/~igiri/maintenance/
[Mon Nov 09 07:44:11.028275 2020] [php7:notice] [pid 21804] [client 10.81.130.155:35358] PHP Notice:  Undefined variable: keyWords in /people/home/igiri/public_html/header.php on line 15, referer: http://clabsql.clamv.jacobs-university.de/~igiri/maintenance/
[Mon Nov 09 07:44:13.661622 2020] [php7:notice] [pid 21804] [client 10.81.130.155:35358] PHP Notice:  Undefined variable: page_title in /people/home/igiri/public_html/header.php on line 13, referer: http://clabsql.clamv.jacobs-university.de/~igiri/
[Mon Nov 09 07:44:13.661651 2020] [php7:notice] [pid 21804] [client 10.81.130.155:35358] PHP Notice:  Undefined variable: pgDesc in /people/home/igiri/public_html/header.php on line 14, referer: http://clabsql.clamv.jacobs-university.de/~igiri/
[Mon Nov 09 07:44:13.661659 2020] [php7:notice] [pid 21804] [client 10.81.130.155:35358] PHP Notice:  Undefined variable: keyWords in /people/home/igiri/public_html/header.php on line 15, referer: http://clabsql.clamv.jacobs-university.de/~igiri/
[Mon Nov 09 07:44:36.307344 2020] [php7:notice] [pid 23517] [client 10.81.130.155:35378] PHP Notice:  Undefined index: email in /people/home/aakarki/public_html/maintenance.php on line 9, referer: http://clabsql.clamv.jacobs-university.de/~aakarki/search.php
[Mon Nov 09 07:44:39.237878 2020] [php7:notice] [pid 23517] [client 10.81.130.155:35378] PHP Notice:  Undefined index: email in /people/home/aakarki/public_html/maintenance.php on line 9, referer: http://clabsql.clamv.jacobs-university.de/~aakarki/search.php
[Mon Nov 09 07:45:32.735300 2020] [php7:notice] [pid 21803] [client 10.81.130.155:35394] PHP Notice:  Undefined index: email in /people/home/aakarki/public_html/maintenance.php on line 9, referer: http://clabsql.clamv.jacobs-university.de/~aakarki/imprint.php
[Mon Nov 09 07:46:30.998837 2020] [php7:notice] [pid 21872] [client 10.81.130.155:35404] PHP Notice:  session_start(): A session had already been started - ignoring in /people/home/skafle/public_html/searchpage/mainheader.php on line 2, referer: http://clabsql.clamv.jacobs-university.de/~skafle/searchpage/searchpage.php
[Mon Nov 09 07:46:42.617319 2020] [php7:notice] [pid 21872] [client 10.81.130.155:35404] PHP Notice:  session_start(): A session had already been started - ignoring in /people/home/skafle/public_html/searchpage/mainheader.php on line 2, referer: http://clabsql.clamv.jacobs-university.de/~skafle/searchpage/searchpage.php
[Mon Nov 09 07:46:47.251948 2020] [php7:notice] [pid 21872] [client 10.81.130.155:35404] PHP Notice:  session_start(): A session had already been started - ignoring in /people/home/skafle/public_html/searchpage/mainheader.php on line 2, referer: http://clabsql.clamv.jacobs-university.de/~skafle/searchpage/searchpage.php
[Mon Nov 09 07:46:51.517010 2020] [php7:notice] [pid 21872] [client 10.81.130.155:35404] PHP Notice:  session_start(): A session had already been started - ignoring in /people/home/skafle/public_html/searchpage/mainheader.php on line 2, referer: http://clabsql.clamv.jacobs-university.de/~skafle/searchpage/search.php
[Mon Nov 09 07:46:51.517407 2020] [php7:warn] [pid 21872] [client 10.81.130.155:35404] PHP Warning:  mysqli_num_rows() expects parameter 1 to be mysqli_result, bool given in /people/home/skafle/public_html/searchpage/searchresults.php on line 13, referer: http://clabsql.clamv.jacobs-university.de/~skafle/searchpage/search.php
[Mon Nov 09 10:46:53.438917 2020] [php7:notice] [pid 6538] [client 10.81.162.161:51616] PHP Notice:  Undefined index: email in /people/home/aakarki/public_html/maintenance.php on line 9, referer: http://clabsql.clamv.jacobs-university.de/~aakarki/
[Mon Nov 09 10:47:07.152928 2020] [php7:notice] [pid 23517] [client 10.81.162.161:51642] PHP Notice:  Undefined index: email in /people/home/aakarki/public_html/maintenance.php on line 9, referer: http://clabsql.clamv.jacobs-university.de/~aakarki/index.html
[Mon Nov 09 10:47:34.105874 2020] [php7:notice] [pid 23517] [client 10.81.162.161:51642] PHP Notice:  Undefined index: email in /people/home/aakarki/public_html/maintenance.php on line 9, referer: http://clabsql.clamv.jacobs-university.de/~aakarki/index.html
[Mon Nov 09 10:48:07.759671 2020] [php7:notice] [pid 23517] [client 10.81.162.161:51642] PHP Notice:  Undefined index: email in /people/home/aakarki/public_html/maintenance.php on line 9, referer: http://clabsql.clamv.jacobs-university.de/~aakarki/index.html
[Mon Nov 09 10:53:46.209508 2020] [core:crit] [pid 27574] (13)Permission denied: [client 10.222.129.186:42076] AH00529: /people/home/skattel/public_html/includes/.htaccess pcfg_openfile: unable to check htaccess file, ensure it is readable and that '/people/home/skattel/public_html/includes/' is executable
[Mon Nov 09 10:53:46.209846 2020] [core:crit] [pid 27574] (13)Permission denied: [client 10.222.129.186:42076] AH00529: /people/home/skattel/public_html/project/.htaccess pcfg_openfile: unable to check htaccess file, ensure it is readable and that '/people/home/skattel/public_html/project/' is executable
[Mon Nov 09 10:55:59.309352 2020] [php7:notice] [pid 6538] [client 10.222.129.186:42106] PHP Notice:  Undefined property: mysqli_stmt::$close in /people/home/skattel/public_html/includes/login.php on line 27, referer: http://clabsql.clamv.jacobs-university.de/~skattel/project/login_page.php
[Mon Nov 09 10:55:59.309388 2020] [php7:notice] [pid 6538] [client 10.222.129.186:42106] PHP Notice:  Undefined property: mysqli::$close in /people/home/skattel/public_html/includes/login.php on line 28, referer: http://clabsql.clamv.jacobs-university.de/~skattel/project/login_page.php
[Mon Nov 09 10:57:06.489268 2020] [negotiation:error] [pid 21804] (13)Permission denied: [client 10.222.129.186:42118] AH00686: cannot read directory for multi: /people/home/skattel/public_html/includes/
[Mon Nov 09 10:57:06.489633 2020] [negotiation:error] [pid 21804] (13)Permission denied: [client 10.222.129.186:42118] AH00686: cannot read directory for multi: /people/home/skattel/public_html/includes/
[Mon Nov 09 10:57:06.489939 2020] [negotiation:error] [pid 21804] (13)Permission denied: [client 10.222.129.186:42118] AH00686: cannot read directory for multi: /people/home/skattel/public_html/includes/
[Mon Nov 09 10:57:06.490241 2020] [negotiation:error] [pid 21804] (13)Permission denied: [client 10.222.129.186:42118] AH00686: cannot read directory for multi: /people/home/skattel/public_html/includes/
[Mon Nov 09 10:57:06.490712 2020] [negotiation:error] [pid 21804] (13)Permission denied: [client 10.222.129.186:42118] AH00686: cannot read directory for multi: /people/home/skattel/public_html/includes/
[Mon Nov 09 10:57:06.490986 2020] [negotiation:error] [pid 21804] (13)Permission denied: [client 10.222.129.186:42118] AH00686: cannot read directory for multi: /people/home/skattel/public_html/includes/
[Mon Nov 09 11:15:40.009335 2020] [php7:notice] [pid 6538] [client 10.81.162.115:61425] PHP Notice:  session_start(): A session had already been started - ignoring in /people/home/lchaudhary/public_html/header.php on line 1, referer: http://clabsql.clamv.jacobs-university.de/~lchaudhary/landingPage.php
[Mon Nov 09 11:15:41.723250 2020] [php7:notice] [pid 21803] [client 10.81.162.115:61424] PHP Notice:  session_start(): A session had already been started - ignoring in /people/home/lchaudhary/public_html/header.php on line 1, referer: http://clabsql.clamv.jacobs-university.de/~lchaudhary/mainPage.php
[Mon Nov 09 11:15:49.147906 2020] [php7:notice] [pid 6538] [client 10.81.162.115:61425] PHP Notice:  session_start(): A session had already been started - ignoring in /people/home/lchaudhary/public_html/header.php on line 1, referer: http://clabsql.clamv.jacobs-university.de/~lchaudhary/Login.php
[Mon Nov 09 11:15:57.467896 2020] [php7:notice] [pid 21803] [client 10.81.162.115:61424] PHP Notice:  session_start(): A session had already been started - ignoring in /people/home/lchaudhary/public_html/header.php on line 1, referer: http://clabsql.clamv.jacobs-university.de/~lchaudhary/mainPage.php
[Mon Nov 09 11:15:58.002559 2020] [php7:notice] [pid 6538] [client 10.81.162.115:61425] PHP Notice:  session_start(): A session had already been started - ignoring in /people/home/lchaudhary/public_html/header.php on line 1, referer: http://clabsql.clamv.jacobs-university.de/~lchaudhary/landingPage.php
[Mon Nov 09 11:16:00.673456 2020] [php7:notice] [pid 21803] [client 10.81.162.115:61424] PHP Notice:  session_start(): A session had already been started - ignoring in /people/home/lchaudhary/public_html/header.php on line 1, referer: http://clabsql.clamv.jacobs-university.de/~lchaudhary/
[Mon Nov 09 11:25:57.728650 2020] [php7:notice] [pid 29170] [client 10.81.162.115:61635] PHP Notice:  session_start(): A session had already been started - ignoring in /people/home/lchaudhary/public_html/header.php on line 1, referer: http://clabsql.clamv.jacobs-university.de/~lchaudhary/
[Mon Nov 09 11:25:59.110366 2020] [php7:notice] [pid 27277] [client 10.81.162.115:61636] PHP Notice:  session_start(): A session had already been started - ignoring in /people/home/lchaudhary/public_html/header.php on line 1, referer: http://clabsql.clamv.jacobs-university.de/~lchaudhary/mainPage.php
[Mon Nov 09 11:26:30.259057 2020] [php7:notice] [pid 21804] [client 10.81.162.115:61649] PHP Notice:  session_start(): A session had already been started - ignoring in /people/home/lchaudhary/public_html/header.php on line 1, referer: http://clabsql.clamv.jacobs-university.de/~lchaudhary/Login.php
[Mon Nov 09 11:26:30.293060 2020] [php7:notice] [pid 21804] [client 10.81.162.115:61649] PHP Notice:  session_start(): A session had already been started - ignoring in /people/home/lchaudhary/public_html/header.php on line 1, referer: http://clabsql.clamv.jacobs-university.de/~lchaudhary/Login.php
[Mon Nov 09 11:26:37.564770 2020] [php7:notice] [pid 27574] [client 10.81.162.115:61650] PHP Notice:  session_start(): A session had already been started - ignoring in /people/home/lchaudhary/public_html/header.php on line 1, referer: http://clabsql.clamv.jacobs-university.de/~lchaudhary/maintenancePage.php
[Mon Nov 09 11:26:39.122847 2020] [php7:notice] [pid 21804] [client 10.81.162.115:61649] PHP Notice:  session_start(): A session had already been started - ignoring in /people/home/lchaudhary/public_html/header.php on line 1, referer: http://clabsql.clamv.jacobs-university.de/~lchaudhary/mainPage.php
[Mon Nov 09 11:26:39.135168 2020] [php7:notice] [pid 21804] [client 10.81.162.115:61649] PHP Notice:  session_start(): A session had already been started - ignoring in /people/home/lchaudhary/public_html/header.php on line 1, referer: http://clabsql.clamv.jacobs-university.de/~lchaudhary/mainPage.php
[Mon Nov 09 11:26:42.818806 2020] [php7:notice] [pid 21804] [client 10.81.162.115:61649] PHP Notice:  session_start(): A session had already been started - ignoring in /people/home/lchaudhary/public_html/header.php on line 1, referer: http://clabsql.clamv.jacobs-university.de/~lchaudhary/imprint.php
[Mon Nov 09 11:26:42.828982 2020] [php7:notice] [pid 21804] [client 10.81.162.115:61649] PHP Notice:  session_start(): A session had already been started - ignoring in /people/home/lchaudhary/public_html/header.php on line 1, referer: http://clabsql.clamv.jacobs-university.de/~lchaudhary/imprint.php
[Mon Nov 09 11:26:43.662079 2020] [php7:notice] [pid 27574] [client 10.81.162.115:61650] PHP Notice:  session_start(): A session had already been started - ignoring in /people/home/lchaudhary/public_html/header.php on line 1, referer: http://clabsql.clamv.jacobs-university.de/~lchaudhary/maintenancePage.php
[Mon Nov 09 11:26:44.957029 2020] [php7:notice] [pid 21804] [client 10.81.162.115:61649] PHP Notice:  session_start(): A session had already been started - ignoring in /people/home/lchaudhary/public_html/header.php on line 1, referer: http://clabsql.clamv.jacobs-university.de/~lchaudhary/imprint.php
[Mon Nov 09 11:26:45.990253 2020] [php7:notice] [pid 27574] [client 10.81.162.115:61650] PHP Notice:  session_start(): A session had already been started - ignoring in /people/home/lchaudhary/public_html/header.php on line 1, referer: http://clabsql.clamv.jacobs-university.de/~lchaudhary/maintenancePage.php
[Mon Nov 09 11:26:47.367855 2020] [php7:notice] [pid 21804] [client 10.81.162.115:61649] PHP Notice:  session_start(): A session had already been started - ignoring in /people/home/lchaudhary/public_html/header.php on line 1, referer: http://clabsql.clamv.jacobs-university.de/~lchaudhary/mainPage.php
[Mon Nov 09 11:26:48.325422 2020] [php7:notice] [pid 27574] [client 10.81.162.115:61650] PHP Notice:  session_start(): A session had already been started - ignoring in /people/home/lchaudhary/public_html/header.php on line 1, referer: http://clabsql.clamv.jacobs-university.de/~lchaudhary/Login.php
[Mon Nov 09 11:27:01.938945 2020] [php7:notice] [pid 29172] [client 10.81.162.49:56558] PHP Notice:  session_start(): A session had already been started - ignoring in /people/home/ndinh/public_html/project/db_connect.php on line 2, referer: http://clabsql.clamv.jacobs-university.de/~ndinh/project/search_pages/own.php
[Mon Nov 09 11:36:22.930960 2020] [php7:notice] [pid 21872] [client 10.81.162.115:61778] PHP Notice:  session_start(): A session had already been started - ignoring in /people/home/lchaudhary/public_html/header.php on line 1
[Mon Nov 09 11:40:37.708516 2020] [core:error] [pid 21804] (13)Permission denied: [client 10.222.129.219:40492] AH00132: file permissions deny server access: /people/home/jbiehl/public_html/views/img/logo.jpg, referer: http://clabsql.clamv.jacobs-university.de/~jbiehl/views/html/maintenancepage.py
[Mon Nov 09 11:40:40.307614 2020] [core:error] [pid 29172] (13)Permission denied: [client 10.222.129.219:40518] AH00132: file permissions deny server access: /people/home/jbiehl/public_html/views/img/logo.jpg, referer: http://clabsql.clamv.jacobs-university.de/~jbiehl/views/html/input/input_maintenancepage.py
